// Jest Snapshot v1, https://goo.gl/fbAQLP

exports[`Errors Loader Error 1`] = `
"Module build failed: Syntax Error: 

[2:11] Unknown word

 [90m 1 | [39m[33m.a[39m [33m{[39m
[31m[1m>[22m[39m[90m 2 | [39m  width[33m:[39m [36m{[39m[36m()[39m[33m}[39m
 [90m   | [39m          [31m[1m^[22m[39m
 [90m 3 | [39m[33m}[39m
"
`;

exports[`Errors Validation Error 1`] = `
"CSS Loader Invalid Options

options.sourceMap should be boolean
"
`;
