// Jest Snapshot v1, https://goo.gl/fbAQLP

exports[`exportStylesheet option should work and export CSSStyleSheet for import asserions and basic output: errors 1`] = `Array []`;

exports[`exportStylesheet option should work and export CSSStyleSheet for import asserions and basic output: module 1`] = `
"// Imports
import ___CSS_LOADER_API_IMPORT___ from \\"../../src/runtime/api.js\\";
import ___CSS_LOADER_AT_RULE_IMPORT_0___ from \\"-!../../src/index.js??ruleSet[1].rules[0].oneOf[0]!./imported.css\\";
import ___CSS_LOADER_GET_URL_IMPORT___ from \\"../../src/runtime/getUrl.js\\";
var ___CSS_LOADER_URL_IMPORT_0___ = new URL(\\"./url/img.png\\", import.meta.url);
var ___CSS_LOADER_URL_IMPORT_1___ = new URL(\\"data:img/jpg;base64,iVBORw0KGgoAAAANSUhEUgAAABgAAAAYCAYAAADgdz34AAAAAXNSR0IArs4c6QAAAhxJREFUSA3tk71rU1EYxnMTEoJUkowWwdJ2akEHBfGjCiIF6ZylVUKSm2TqZLGI+A/oIu2UXm8C4lAyF4SWji0tdFLo1Eo7VN0SaBEhH7e/Nz0nPTfGOjiaCyfPc5734zlfCQT6X/8E/vUErL81KBaL9y3LSnued5PcITjUOwR3gsFg2bbtjYt6/NGgXC4P1et1l2aPLmpAbD0SidjpdPqgV15PA9d17zQajU8UxHQRK/4G35Q5pveAK8LlI1ZjPMnlcltnyvnvbwaO41xvtVqy7YHztMACq5xnlb9EY3dRdvcGo1kj5wR+t1AofDG0gM+A875E8DNjRCexsrV8Pj9ZqVQitVrtqejxePxjMpmss5hVTB4buXvMb2DyU2tBTRS+BjvNlVYUpPl7iuVO3Gq1uoQx1FtSOW1gPgp5ZWrdBtNmUDgv5asgxQ8F1af5vhY0YjyjuWC3wTszKJz7GBOkcFlQfW2ONq4FjWi+Hj6DRCKxQOK2TlY4x92EuYd5dvMAbYIzfikau3pu5tJ8KxaLLfo0cyKci7tK4TZjUMcoXAmHwzle0Q/RaC5P1GFMyVx9R9Fo9HYqlTrSgqDvFelAqVQa5hmuMR/WGtjAaBdjwBoDQ0ZsnwVMZjKZ9n0Zem8DSeDPdrnZbL6F2l3NOvUYNZk4oVDoRTabPe4EDNJzB0ZcjAYxeoZ2i3FNxQ7BHYw/cB/fldaH//UETgHHO8S44KbfXgAAAABJRU5ErkJggg==\\", import.meta.url);
var ___CSS_LOADER_EXPORT___ = ___CSS_LOADER_API_IMPORT___(function(i){return i[1]});
___CSS_LOADER_EXPORT___.i(___CSS_LOADER_AT_RULE_IMPORT_0___);
var ___CSS_LOADER_URL_REPLACEMENT_0___ = ___CSS_LOADER_GET_URL_IMPORT___(___CSS_LOADER_URL_IMPORT_0___);
var ___CSS_LOADER_URL_REPLACEMENT_1___ = ___CSS_LOADER_GET_URL_IMPORT___(___CSS_LOADER_URL_IMPORT_1___);
// Module
___CSS_LOADER_EXPORT___.push([module.id, \\"@charset \\\\\\"UTF-8\\\\\\";\\\\n\\\\n/* Comment */\\\\n\\\\n.class {\\\\n  color: red;\\\\n  background: url(\\" + ___CSS_LOADER_URL_REPLACEMENT_0___ + \\");\\\\n}\\\\n\\\\n.class-duplicate-url {\\\\n  background: url(\\" + ___CSS_LOADER_URL_REPLACEMENT_0___ + \\");\\\\n}\\\\n\\\\n:root {\\\\n  --foo: 1px;\\\\n  --bar: 2px;\\\\n}\\\\n\\\\n.class { a: b c d; }\\\\n\\\\n.two {}\\\\n\\\\n.u-m\\\\\\\\+ { a: b c d; }\\\\n\\\\n.class { content: \\\\\\"\\\\\\\\F10C\\\\\\" }\\\\n\\\\n@media only screen and (max-width: 600px) {\\\\n  body {\\\\n    background-color: lightblue;\\\\n  }\\\\n}\\\\n\\\\n.class {\\\\n  content: \\\\\\"\\\\\\\\2193\\\\\\";\\\\n  content: \\\\\\"\\\\\\\\2193\\\\\\\\2193\\\\\\";\\\\n  content: \\\\\\"\\\\\\\\2193 \\\\\\\\2193\\\\\\";\\\\n  content: \\\\\\"\\\\\\\\2193\\\\\\\\2193\\\\\\\\2193\\\\\\";\\\\n  content: \\\\\\"\\\\\\\\2193 \\\\\\\\2193 \\\\\\\\2193\\\\\\";\\\\n}\\\\n\\\\n.-top {}\\\\n.\\\\\\\\-top {}\\\\n\\\\n#\\\\\\\\#test {}\\\\n\\\\n.grid {\\\\n  display: flex;\\\\n  flex-wrap: wrap;\\\\n}\\\\n.grid.\\\\\\\\-top {\\\\n  align-items: flex-start;\\\\n}\\\\n.grid.-top {\\\\n  align-items: flex-start;\\\\n}\\\\n.grid.\\\\\\\\-middle {\\\\n  align-items: center;\\\\n}\\\\n.grid.\\\\\\\\-bottom {\\\\n  align-items: flex-end;\\\\n}\\\\n\\\\n.u-m\\\\\\\\00002b {}\\\\n\\\\n.u-m00002b {}\\\\n\\\\n#u-m\\\\\\\\+ {}\\\\n\\\\nbody {\\\\n  font-family: 'å¾®è½¯é›…é»‘'; /* some chinese font name */\\\\n}\\\\n\\\\n.myStyle {\\\\n  content: '\\\\\\\\e901';\\\\n}\\\\n\\\\n.myStyle {\\\\n  content: '\\\\\\\\E901';\\\\n}\\\\n\\\\n.â™« {}\\\\n\\\\n.\\\\\\\\3A \\\\\\\\\`\\\\\\\\( {} /* matches elements with class=\\\\\\":\`(\\\\\\" */\\\\n.\\\\\\\\31 a2b3c {} /* matches elements with class=\\\\\\"1a2b3c\\\\\\" */\\\\n#\\\\\\\\#fake-id {} /* matches the element with id=\\\\\\"#fake-id\\\\\\" */\\\\n#-a-b-c- {} /* matches the element with id=\\\\\\"-a-b-c-\\\\\\" */\\\\n#Â© {} /* matches the element with id=\\\\\\"Â©\\\\\\" */\\\\n\\\\n:root {\\\\n  --title-align: center;\\\\n  --sr-only: {\\\\n    position: absolute;\\\\n    width: 1px;\\\\n    height: 1px;\\\\n    padding: 0;\\\\n    overflow: hidden;\\\\n    clip: rect(0,0,0,0);\\\\n    white-space: nowrap;\\\\n    clip-path: inset(50%);\\\\n    border: 0;\\\\n  };\\\\n}\\\\n\\\\n.test {\\\\n  content: \\\\\\"\\\\\\\\2014\\\\\\\\A0\\\\\\";\\\\n  content: \\\\\\"\\\\\\\\2014 \\\\\\\\A0\\\\\\";\\\\n  content: \\\\\\"\\\\\\\\A0 \\\\\\\\2014\\\\\\";\\\\n  content: \\\\\\"\\\\\\\\A0\\\\\\\\2014\\\\\\";\\\\n  margin-top: 1px\\\\\\\\9;\\\\n  background-color: #000\\\\\\\\9;\\\\n}\\\\n\\\\n.light.on .bulb:before{\\\\n  content: 'ðŸ’¡';\\\\n}\\\\n\\\\n.base64 {\\\\n  background: url(\\" + ___CSS_LOADER_URL_REPLACEMENT_1___ + \\");\\\\n}\\\\n\\\\na[href=''] {\\\\n  color: red;\\\\n}\\\\n\\\\na[href='' i] {\\\\n  color: red;\\\\n}\\\\n\\\\na[href=\\\\\\"\\\\\\"] {\\\\n  color: blue;\\\\n}\\\\n\\\\na[href=\\\\\\"\\\\\\" i] {\\\\n  color: blue;\\\\n}\\\\n\\", \\"\\"]);
// Exports
var ___CSS_LOADER_STYLE_SHEET___ = new CSSStyleSheet();
___CSS_LOADER_STYLE_SHEET___.replaceSync(___CSS_LOADER_EXPORT___.toString());
export default ___CSS_LOADER_STYLE_SHEET___;
"
`;

exports[`exportStylesheet option should work and export CSSStyleSheet for import asserions and basic output: warnings 1`] = `Array []`;

exports[`exportStylesheet option should work with "sass-loader": errors 1`] = `Array []`;

exports[`exportStylesheet option should work with "sass-loader": module 1`] = `
"// Imports
import ___CSS_LOADER_API_IMPORT___ from \\"../../../src/runtime/api.js\\";
var ___CSS_LOADER_EXPORT___ = ___CSS_LOADER_API_IMPORT___(function(i){return i[1]});
// Module
___CSS_LOADER_EXPORT___.push([module.id, \\"body {\\\\n  font: 100% Helvetica, sans-serif;\\\\n  color: #333;\\\\n}\\", \\"\\"]);
// Exports
var ___CSS_LOADER_STYLE_SHEET___ = new CSSStyleSheet();
___CSS_LOADER_STYLE_SHEET___.replaceSync(___CSS_LOADER_EXPORT___.toString());
export default ___CSS_LOADER_STYLE_SHEET___;
"
`;

exports[`exportStylesheet option should work with "sass-loader": warnings 1`] = `Array []`;

exports[`exportStylesheet option should work with CommonJS modules: errors 1`] = `Array []`;

exports[`exportStylesheet option should work with CommonJS modules: module 1`] = `
"// Imports
var ___CSS_LOADER_API_IMPORT___ = require(\\"../../src/runtime/api.js\\");
var ___CSS_LOADER_AT_RULE_IMPORT_0___ = require(\\"-!../../src/index.js??ruleSet[1].rules[0].use[0]!./imported.css\\");
var ___CSS_LOADER_GET_URL_IMPORT___ = require(\\"../../src/runtime/getUrl.js\\");
var ___CSS_LOADER_URL_IMPORT_0___ = require(\\"./url/img.png\\");
var ___CSS_LOADER_EXPORT___ = ___CSS_LOADER_API_IMPORT___(function(i){return i[1]});
___CSS_LOADER_EXPORT___.i(___CSS_LOADER_AT_RULE_IMPORT_0___);
var ___CSS_LOADER_URL_REPLACEMENT_0___ = ___CSS_LOADER_GET_URL_IMPORT___(___CSS_LOADER_URL_IMPORT_0___);
// Module
___CSS_LOADER_EXPORT___.push([module.id, \\"@charset \\\\\\"UTF-8\\\\\\";\\\\n\\\\n/* Comment */\\\\n\\\\n.class {\\\\n  color: red;\\\\n  background: url(\\" + ___CSS_LOADER_URL_REPLACEMENT_0___ + \\");\\\\n}\\\\n\\\\n.class-duplicate-url {\\\\n  background: url(\\" + ___CSS_LOADER_URL_REPLACEMENT_0___ + \\");\\\\n}\\\\n\\\\n:root {\\\\n  --foo: 1px;\\\\n  --bar: 2px;\\\\n}\\\\n\\\\n.class { a: b c d; }\\\\n\\\\n.two {}\\\\n\\\\n.u-m\\\\\\\\+ { a: b c d; }\\\\n\\\\n.class { content: \\\\\\"\\\\\\\\F10C\\\\\\" }\\\\n\\\\n@media only screen and (max-width: 600px) {\\\\n  body {\\\\n    background-color: lightblue;\\\\n  }\\\\n}\\\\n\\\\n.class {\\\\n  content: \\\\\\"\\\\\\\\2193\\\\\\";\\\\n  content: \\\\\\"\\\\\\\\2193\\\\\\\\2193\\\\\\";\\\\n  content: \\\\\\"\\\\\\\\2193 \\\\\\\\2193\\\\\\";\\\\n  content: \\\\\\"\\\\\\\\2193\\\\\\\\2193\\\\\\\\2193\\\\\\";\\\\n  content: \\\\\\"\\\\\\\\2193 \\\\\\\\2193 \\\\\\\\2193\\\\\\";\\\\n}\\\\n\\\\n.-top {}\\\\n.\\\\\\\\-top {}\\\\n\\\\n#\\\\\\\\#test {}\\\\n\\\\n.grid {\\\\n  display: flex;\\\\n  flex-wrap: wrap;\\\\n}\\\\n.grid.\\\\\\\\-top {\\\\n  align-items: flex-start;\\\\n}\\\\n.grid.-top {\\\\n  align-items: flex-start;\\\\n}\\\\n.grid.\\\\\\\\-middle {\\\\n  align-items: center;\\\\n}\\\\n.grid.\\\\\\\\-bottom {\\\\n  align-items: flex-end;\\\\n}\\\\n\\\\n.u-m\\\\\\\\00002b {}\\\\n\\\\n.u-m00002b {}\\\\n\\\\n#u-m\\\\\\\\+ {}\\\\n\\\\nbody {\\\\n  font-family: 'å¾®è½¯é›…é»‘'; /* some chinese font name */\\\\n}\\\\n\\\\n.myStyle {\\\\n  content: '\\\\\\\\e901';\\\\n}\\\\n\\\\n.myStyle {\\\\n  content: '\\\\\\\\E901';\\\\n}\\\\n\\\\n.â™« {}\\\\n\\\\n.\\\\\\\\3A \\\\\\\\\`\\\\\\\\( {} /* matches elements with class=\\\\\\":\`(\\\\\\" */\\\\n.\\\\\\\\31 a2b3c {} /* matches elements with class=\\\\\\"1a2b3c\\\\\\" */\\\\n#\\\\\\\\#fake-id {} /* matches the element with id=\\\\\\"#fake-id\\\\\\" */\\\\n#-a-b-c- {} /* matches the element with id=\\\\\\"-a-b-c-\\\\\\" */\\\\n#Â© {} /* matches the element with id=\\\\\\"Â©\\\\\\" */\\\\n\\\\n:root {\\\\n  --title-align: center;\\\\n  --sr-only: {\\\\n    position: absolute;\\\\n    width: 1px;\\\\n    height: 1px;\\\\n    padding: 0;\\\\n    overflow: hidden;\\\\n    clip: rect(0,0,0,0);\\\\n    white-space: nowrap;\\\\n    clip-path: inset(50%);\\\\n    border: 0;\\\\n  };\\\\n}\\\\n\\\\n.test {\\\\n  content: \\\\\\"\\\\\\\\2014\\\\\\\\A0\\\\\\";\\\\n  content: \\\\\\"\\\\\\\\2014 \\\\\\\\A0\\\\\\";\\\\n  content: \\\\\\"\\\\\\\\A0 \\\\\\\\2014\\\\\\";\\\\n  content: \\\\\\"\\\\\\\\A0\\\\\\\\2014\\\\\\";\\\\n  margin-top: 1px\\\\\\\\9;\\\\n  background-color: #000\\\\\\\\9;\\\\n}\\\\n\\\\n.light.on .bulb:before{\\\\n  content: 'ðŸ’¡';\\\\n}\\\\n\\\\n.base64 {\\\\n  background: url(data:img/jpg;base64,iVBORw0KGgoAAAANSUhEUgAAABgAAAAYCAYAAADgdz34AAAAAXNSR0IArs4c6QAAAhxJREFUSA3tk71rU1EYxnMTEoJUkowWwdJ2akEHBfGjCiIF6ZylVUKSm2TqZLGI+A/oIu2UXm8C4lAyF4SWji0tdFLo1Eo7VN0SaBEhH7e/Nz0nPTfGOjiaCyfPc5734zlfCQT6X/8E/vUErL81KBaL9y3LSnued5PcITjUOwR3gsFg2bbtjYt6/NGgXC4P1et1l2aPLmpAbD0SidjpdPqgV15PA9d17zQajU8UxHQRK/4G35Q5pveAK8LlI1ZjPMnlcltnyvnvbwaO41xvtVqy7YHztMACq5xnlb9EY3dRdvcGo1kj5wR+t1AofDG0gM+A875E8DNjRCexsrV8Pj9ZqVQitVrtqejxePxjMpmss5hVTB4buXvMb2DyU2tBTRS+BjvNlVYUpPl7iuVO3Gq1uoQx1FtSOW1gPgp5ZWrdBtNmUDgv5asgxQ8F1af5vhY0YjyjuWC3wTszKJz7GBOkcFlQfW2ONq4FjWi+Hj6DRCKxQOK2TlY4x92EuYd5dvMAbYIzfikau3pu5tJ8KxaLLfo0cyKci7tK4TZjUMcoXAmHwzle0Q/RaC5P1GFMyVx9R9Fo9HYqlTrSgqDvFelAqVQa5hmuMR/WGtjAaBdjwBoDQ0ZsnwVMZjKZ9n0Zem8DSeDPdrnZbL6F2l3NOvUYNZk4oVDoRTabPe4EDNJzB0ZcjAYxeoZ2i3FNxQ7BHYw/cB/fldaH//UETgHHO8S44KbfXgAAAABJRU5ErkJggg==);\\\\n}\\\\n\\\\na[href=''] {\\\\n  color: red;\\\\n}\\\\n\\\\na[href='' i] {\\\\n  color: red;\\\\n}\\\\n\\\\na[href=\\\\\\"\\\\\\"] {\\\\n  color: blue;\\\\n}\\\\n\\\\na[href=\\\\\\"\\\\\\" i] {\\\\n  color: blue;\\\\n}\\\\n\\", \\"\\"]);
// Exports
var ___CSS_LOADER_STYLE_SHEET___ = new CSSStyleSheet();
___CSS_LOADER_STYLE_SHEET___.replaceSync(___CSS_LOADER_EXPORT___.toString());
module.exports = ___CSS_LOADER_STYLE_SHEET___;
"
`;

exports[`exportStylesheet option should work with CommonJS modules: warnings 1`] = `Array []`;

exports[`exportStylesheet option should work with ECMA modules: errors 1`] = `Array []`;

exports[`exportStylesheet option should work with ECMA modules: module 1`] = `
"// Imports
import ___CSS_LOADER_API_IMPORT___ from \\"../../src/runtime/api.js\\";
import ___CSS_LOADER_AT_RULE_IMPORT_0___ from \\"-!../../src/index.js??ruleSet[1].rules[0].use[0]!./imported.css\\";
import ___CSS_LOADER_GET_URL_IMPORT___ from \\"../../src/runtime/getUrl.js\\";
var ___CSS_LOADER_URL_IMPORT_0___ = new URL(\\"./url/img.png\\", import.meta.url);
var ___CSS_LOADER_URL_IMPORT_1___ = new URL(\\"data:img/jpg;base64,iVBORw0KGgoAAAANSUhEUgAAABgAAAAYCAYAAADgdz34AAAAAXNSR0IArs4c6QAAAhxJREFUSA3tk71rU1EYxnMTEoJUkowWwdJ2akEHBfGjCiIF6ZylVUKSm2TqZLGI+A/oIu2UXm8C4lAyF4SWji0tdFLo1Eo7VN0SaBEhH7e/Nz0nPTfGOjiaCyfPc5734zlfCQT6X/8E/vUErL81KBaL9y3LSnued5PcITjUOwR3gsFg2bbtjYt6/NGgXC4P1et1l2aPLmpAbD0SidjpdPqgV15PA9d17zQajU8UxHQRK/4G35Q5pveAK8LlI1ZjPMnlcltnyvnvbwaO41xvtVqy7YHztMACq5xnlb9EY3dRdvcGo1kj5wR+t1AofDG0gM+A875E8DNjRCexsrV8Pj9ZqVQitVrtqejxePxjMpmss5hVTB4buXvMb2DyU2tBTRS+BjvNlVYUpPl7iuVO3Gq1uoQx1FtSOW1gPgp5ZWrdBtNmUDgv5asgxQ8F1af5vhY0YjyjuWC3wTszKJz7GBOkcFlQfW2ONq4FjWi+Hj6DRCKxQOK2TlY4x92EuYd5dvMAbYIzfikau3pu5tJ8KxaLLfo0cyKci7tK4TZjUMcoXAmHwzle0Q/RaC5P1GFMyVx9R9Fo9HYqlTrSgqDvFelAqVQa5hmuMR/WGtjAaBdjwBoDQ0ZsnwVMZjKZ9n0Zem8DSeDPdrnZbL6F2l3NOvUYNZk4oVDoRTabPe4EDNJzB0ZcjAYxeoZ2i3FNxQ7BHYw/cB/fldaH//UETgHHO8S44KbfXgAAAABJRU5ErkJggg==\\", import.meta.url);
var ___CSS_LOADER_EXPORT___ = ___CSS_LOADER_API_IMPORT___(function(i){return i[1]});
___CSS_LOADER_EXPORT___.i(___CSS_LOADER_AT_RULE_IMPORT_0___);
var ___CSS_LOADER_URL_REPLACEMENT_0___ = ___CSS_LOADER_GET_URL_IMPORT___(___CSS_LOADER_URL_IMPORT_0___);
var ___CSS_LOADER_URL_REPLACEMENT_1___ = ___CSS_LOADER_GET_URL_IMPORT___(___CSS_LOADER_URL_IMPORT_1___);
// Module
___CSS_LOADER_EXPORT___.push([module.id, \\"@charset \\\\\\"UTF-8\\\\\\";\\\\n\\\\n/* Comment */\\\\n\\\\n.class {\\\\n  color: red;\\\\n  background: url(\\" + ___CSS_LOADER_URL_REPLACEMENT_0___ + \\");\\\\n}\\\\n\\\\n.class-duplicate-url {\\\\n  background: url(\\" + ___CSS_LOADER_URL_REPLACEMENT_0___ + \\");\\\\n}\\\\n\\\\n:root {\\\\n  --foo: 1px;\\\\n  --bar: 2px;\\\\n}\\\\n\\\\n.class { a: b c d; }\\\\n\\\\n.two {}\\\\n\\\\n.u-m\\\\\\\\+ { a: b c d; }\\\\n\\\\n.class { content: \\\\\\"\\\\\\\\F10C\\\\\\" }\\\\n\\\\n@media only screen and (max-width: 600px) {\\\\n  body {\\\\n    background-color: lightblue;\\\\n  }\\\\n}\\\\n\\\\n.class {\\\\n  content: \\\\\\"\\\\\\\\2193\\\\\\";\\\\n  content: \\\\\\"\\\\\\\\2193\\\\\\\\2193\\\\\\";\\\\n  content: \\\\\\"\\\\\\\\2193 \\\\\\\\2193\\\\\\";\\\\n  content: \\\\\\"\\\\\\\\2193\\\\\\\\2193\\\\\\\\2193\\\\\\";\\\\n  content: \\\\\\"\\\\\\\\2193 \\\\\\\\2193 \\\\\\\\2193\\\\\\";\\\\n}\\\\n\\\\n.-top {}\\\\n.\\\\\\\\-top {}\\\\n\\\\n#\\\\\\\\#test {}\\\\n\\\\n.grid {\\\\n  display: flex;\\\\n  flex-wrap: wrap;\\\\n}\\\\n.grid.\\\\\\\\-top {\\\\n  align-items: flex-start;\\\\n}\\\\n.grid.-top {\\\\n  align-items: flex-start;\\\\n}\\\\n.grid.\\\\\\\\-middle {\\\\n  align-items: center;\\\\n}\\\\n.grid.\\\\\\\\-bottom {\\\\n  align-items: flex-end;\\\\n}\\\\n\\\\n.u-m\\\\\\\\00002b {}\\\\n\\\\n.u-m00002b {}\\\\n\\\\n#u-m\\\\\\\\+ {}\\\\n\\\\nbody {\\\\n  font-family: 'å¾®è½¯é›…é»‘'; /* some chinese font name */\\\\n}\\\\n\\\\n.myStyle {\\\\n  content: '\\\\\\\\e901';\\\\n}\\\\n\\\\n.myStyle {\\\\n  content: '\\\\\\\\E901';\\\\n}\\\\n\\\\n.â™« {}\\\\n\\\\n.\\\\\\\\3A \\\\\\\\\`\\\\\\\\( {} /* matches elements with class=\\\\\\":\`(\\\\\\" */\\\\n.\\\\\\\\31 a2b3c {} /* matches elements with class=\\\\\\"1a2b3c\\\\\\" */\\\\n#\\\\\\\\#fake-id {} /* matches the element with id=\\\\\\"#fake-id\\\\\\" */\\\\n#-a-b-c- {} /* matches the element with id=\\\\\\"-a-b-c-\\\\\\" */\\\\n#Â© {} /* matches the element with id=\\\\\\"Â©\\\\\\" */\\\\n\\\\n:root {\\\\n  --title-align: center;\\\\n  --sr-only: {\\\\n    position: absolute;\\\\n    width: 1px;\\\\n    height: 1px;\\\\n    padding: 0;\\\\n    overflow: hidden;\\\\n    clip: rect(0,0,0,0);\\\\n    white-space: nowrap;\\\\n    clip-path: inset(50%);\\\\n    border: 0;\\\\n  };\\\\n}\\\\n\\\\n.test {\\\\n  content: \\\\\\"\\\\\\\\2014\\\\\\\\A0\\\\\\";\\\\n  content: \\\\\\"\\\\\\\\2014 \\\\\\\\A0\\\\\\";\\\\n  content: \\\\\\"\\\\\\\\A0 \\\\\\\\2014\\\\\\";\\\\n  content: \\\\\\"\\\\\\\\A0\\\\\\\\2014\\\\\\";\\\\n  margin-top: 1px\\\\\\\\9;\\\\n  background-color: #000\\\\\\\\9;\\\\n}\\\\n\\\\n.light.on .bulb:before{\\\\n  content: 'ðŸ’¡';\\\\n}\\\\n\\\\n.base64 {\\\\n  background: url(\\" + ___CSS_LOADER_URL_REPLACEMENT_1___ + \\");\\\\n}\\\\n\\\\na[href=''] {\\\\n  color: red;\\\\n}\\\\n\\\\na[href='' i] {\\\\n  color: red;\\\\n}\\\\n\\\\na[href=\\\\\\"\\\\\\"] {\\\\n  color: blue;\\\\n}\\\\n\\\\na[href=\\\\\\"\\\\\\" i] {\\\\n  color: blue;\\\\n}\\\\n\\", \\"\\"]);
// Exports
var ___CSS_LOADER_STYLE_SHEET___ = new CSSStyleSheet();
___CSS_LOADER_STYLE_SHEET___.replaceSync(___CSS_LOADER_EXPORT___.toString());
export default ___CSS_LOADER_STYLE_SHEET___;
"
`;

exports[`exportStylesheet option should work with ECMA modules: warnings 1`] = `Array []`;

exports[`exportStylesheet option should work with source maps: errors 1`] = `Array []`;

exports[`exportStylesheet option should work with source maps: module 1`] = `
"// Imports
import ___CSS_LOADER_API_SOURCEMAP_IMPORT___ from \\"../../src/runtime/cssWithMappingToString.js\\";
import ___CSS_LOADER_API_IMPORT___ from \\"../../src/runtime/api.js\\";
import ___CSS_LOADER_AT_RULE_IMPORT_0___ from \\"-!../../src/index.js??ruleSet[1].rules[0].use[0]!./imported.css\\";
import ___CSS_LOADER_GET_URL_IMPORT___ from \\"../../src/runtime/getUrl.js\\";
var ___CSS_LOADER_URL_IMPORT_0___ = new URL(\\"./url/img.png\\", import.meta.url);
var ___CSS_LOADER_URL_IMPORT_1___ = new URL(\\"data:img/jpg;base64,iVBORw0KGgoAAAANSUhEUgAAABgAAAAYCAYAAADgdz34AAAAAXNSR0IArs4c6QAAAhxJREFUSA3tk71rU1EYxnMTEoJUkowWwdJ2akEHBfGjCiIF6ZylVUKSm2TqZLGI+A/oIu2UXm8C4lAyF4SWji0tdFLo1Eo7VN0SaBEhH7e/Nz0nPTfGOjiaCyfPc5734zlfCQT6X/8E/vUErL81KBaL9y3LSnued5PcITjUOwR3gsFg2bbtjYt6/NGgXC4P1et1l2aPLmpAbD0SidjpdPqgV15PA9d17zQajU8UxHQRK/4G35Q5pveAK8LlI1ZjPMnlcltnyvnvbwaO41xvtVqy7YHztMACq5xnlb9EY3dRdvcGo1kj5wR+t1AofDG0gM+A875E8DNjRCexsrV8Pj9ZqVQitVrtqejxePxjMpmss5hVTB4buXvMb2DyU2tBTRS+BjvNlVYUpPl7iuVO3Gq1uoQx1FtSOW1gPgp5ZWrdBtNmUDgv5asgxQ8F1af5vhY0YjyjuWC3wTszKJz7GBOkcFlQfW2ONq4FjWi+Hj6DRCKxQOK2TlY4x92EuYd5dvMAbYIzfikau3pu5tJ8KxaLLfo0cyKci7tK4TZjUMcoXAmHwzle0Q/RaC5P1GFMyVx9R9Fo9HYqlTrSgqDvFelAqVQa5hmuMR/WGtjAaBdjwBoDQ0ZsnwVMZjKZ9n0Zem8DSeDPdrnZbL6F2l3NOvUYNZk4oVDoRTabPe4EDNJzB0ZcjAYxeoZ2i3FNxQ7BHYw/cB/fldaH//UETgHHO8S44KbfXgAAAABJRU5ErkJggg==\\", import.meta.url);
var ___CSS_LOADER_EXPORT___ = ___CSS_LOADER_API_IMPORT___(___CSS_LOADER_API_SOURCEMAP_IMPORT___);
___CSS_LOADER_EXPORT___.i(___CSS_LOADER_AT_RULE_IMPORT_0___);
var ___CSS_LOADER_URL_REPLACEMENT_0___ = ___CSS_LOADER_GET_URL_IMPORT___(___CSS_LOADER_URL_IMPORT_0___);
var ___CSS_LOADER_URL_REPLACEMENT_1___ = ___CSS_LOADER_GET_URL_IMPORT___(___CSS_LOADER_URL_IMPORT_1___);
// Module
___CSS_LOADER_EXPORT___.push([module.id, \\"@charset \\\\\\"UTF-8\\\\\\";\\\\n\\\\n/* Comment */\\\\n\\\\n.class {\\\\n  color: red;\\\\n  background: url(\\" + ___CSS_LOADER_URL_REPLACEMENT_0___ + \\");\\\\n}\\\\n\\\\n.class-duplicate-url {\\\\n  background: url(\\" + ___CSS_LOADER_URL_REPLACEMENT_0___ + \\");\\\\n}\\\\n\\\\n:root {\\\\n  --foo: 1px;\\\\n  --bar: 2px;\\\\n}\\\\n\\\\n.class { a: b c d; }\\\\n\\\\n.two {}\\\\n\\\\n.u-m\\\\\\\\+ { a: b c d; }\\\\n\\\\n.class { content: \\\\\\"\\\\\\\\F10C\\\\\\" }\\\\n\\\\n@media only screen and (max-width: 600px) {\\\\n  body {\\\\n    background-color: lightblue;\\\\n  }\\\\n}\\\\n\\\\n.class {\\\\n  content: \\\\\\"\\\\\\\\2193\\\\\\";\\\\n  content: \\\\\\"\\\\\\\\2193\\\\\\\\2193\\\\\\";\\\\n  content: \\\\\\"\\\\\\\\2193 \\\\\\\\2193\\\\\\";\\\\n  content: \\\\\\"\\\\\\\\2193\\\\\\\\2193\\\\\\\\2193\\\\\\";\\\\n  content: \\\\\\"\\\\\\\\2193 \\\\\\\\2193 \\\\\\\\2193\\\\\\";\\\\n}\\\\n\\\\n.-top {}\\\\n.\\\\\\\\-top {}\\\\n\\\\n#\\\\\\\\#test {}\\\\n\\\\n.grid {\\\\n  display: flex;\\\\n  flex-wrap: wrap;\\\\n}\\\\n.grid.\\\\\\\\-top {\\\\n  align-items: flex-start;\\\\n}\\\\n.grid.-top {\\\\n  align-items: flex-start;\\\\n}\\\\n.grid.\\\\\\\\-middle {\\\\n  align-items: center;\\\\n}\\\\n.grid.\\\\\\\\-bottom {\\\\n  align-items: flex-end;\\\\n}\\\\n\\\\n.u-m\\\\\\\\00002b {}\\\\n\\\\n.u-m00002b {}\\\\n\\\\n#u-m\\\\\\\\+ {}\\\\n\\\\nbody {\\\\n  font-family: 'å¾®è½¯é›…é»‘'; /* some chinese font name */\\\\n}\\\\n\\\\n.myStyle {\\\\n  content: '\\\\\\\\e901';\\\\n}\\\\n\\\\n.myStyle {\\\\n  content: '\\\\\\\\E901';\\\\n}\\\\n\\\\n.â™« {}\\\\n\\\\n.\\\\\\\\3A \\\\\\\\\`\\\\\\\\( {} /* matches elements with class=\\\\\\":\`(\\\\\\" */\\\\n.\\\\\\\\31 a2b3c {} /* matches elements with class=\\\\\\"1a2b3c\\\\\\" */\\\\n#\\\\\\\\#fake-id {} /* matches the element with id=\\\\\\"#fake-id\\\\\\" */\\\\n#-a-b-c- {} /* matches the element with id=\\\\\\"-a-b-c-\\\\\\" */\\\\n#Â© {} /* matches the element with id=\\\\\\"Â©\\\\\\" */\\\\n\\\\n:root {\\\\n  --title-align: center;\\\\n  --sr-only: {\\\\n    position: absolute;\\\\n    width: 1px;\\\\n    height: 1px;\\\\n    padding: 0;\\\\n    overflow: hidden;\\\\n    clip: rect(0,0,0,0);\\\\n    white-space: nowrap;\\\\n    clip-path: inset(50%);\\\\n    border: 0;\\\\n  };\\\\n}\\\\n\\\\n.test {\\\\n  content: \\\\\\"\\\\\\\\2014\\\\\\\\A0\\\\\\";\\\\n  content: \\\\\\"\\\\\\\\2014 \\\\\\\\A0\\\\\\";\\\\n  content: \\\\\\"\\\\\\\\A0 \\\\\\\\2014\\\\\\";\\\\n  content: \\\\\\"\\\\\\\\A0\\\\\\\\2014\\\\\\";\\\\n  margin-top: 1px\\\\\\\\9;\\\\n  background-color: #000\\\\\\\\9;\\\\n}\\\\n\\\\n.light.on .bulb:before{\\\\n  content: 'ðŸ’¡';\\\\n}\\\\n\\\\n.base64 {\\\\n  background: url(\\" + ___CSS_LOADER_URL_REPLACEMENT_1___ + \\");\\\\n}\\\\n\\\\na[href=''] {\\\\n  color: red;\\\\n}\\\\n\\\\na[href='' i] {\\\\n  color: red;\\\\n}\\\\n\\\\na[href=\\\\\\"\\\\\\"] {\\\\n  color: blue;\\\\n}\\\\n\\\\na[href=\\\\\\"\\\\\\" i] {\\\\n  color: blue;\\\\n}\\\\n\\", \\"\\",{\\"version\\":3,\\"sources\\":[\\"webpack://./basic.css\\"],\\"names\\":[],\\"mappings\\":\\"AAAA,gBAAgB;;AAIhB,YAAY;;AAEZ;EACE,UAAU;EACV,mDAAgC;AAClC;;AAEA;EACE,mDAAgC;AAClC;;AAEA;EACE,UAAU;EACV,UAAU;AACZ;;AAEA,SAAS,QAAQ,EAAE;;AAEnB,MAAM;;AAEN,SAAS,QAAQ,EAAE;;AAEnB,SAAS,iBAAiB;;AAE1B;EACE;IACE,2BAA2B;EAC7B;AACF;;AAEA;EACE,gBAAgB;EAChB,qBAAqB;EACrB,sBAAsB;EACtB,0BAA0B;EAC1B,4BAA4B;AAC9B;;AAEA,OAAO;AACP,QAAQ;;AAER,SAAS;;AAET;EACE,aAAa;EACb,eAAe;AACjB;AACA;EACE,uBAAuB;AACzB;AACA;EACE,uBAAuB;AACzB;AACA;EACE,mBAAmB;AACrB;AACA;EACE,qBAAqB;AACvB;;AAEA,aAAa;;AAEb,YAAY;;AAEZ,QAAQ;;AAER;EACE,mBAAmB,EAAE,2BAA2B;AAClD;;AAEA;EACE,gBAAgB;AAClB;;AAEA;EACE,gBAAgB;AAClB;;AAEA,IAAI;;AAEJ,WAAW,EAAE,sCAAsC;AACnD,YAAY,EAAE,yCAAyC;AACvD,YAAY,EAAE,2CAA2C;AACzD,UAAU,EAAE,0CAA0C;AACtD,IAAI,EAAE,oCAAoC;;AAE1C;EACE,qBAAqB;EACrB;;;;;;;;;;GAUC;AACH;;AAEA;EACE,mBAAmB;EACnB,oBAAoB;EACpB,oBAAoB;EACpB,mBAAmB;EACnB,iBAAiB;EACjB,wBAAwB;AAC1B;;AAEA;EACE,aAAa;AACf;;AAEA;EACE,mDAAq1B;AACv1B;;AAEA;EACE,UAAU;AACZ;;AAEA;EACE,UAAU;AACZ;;AAEA;EACE,WAAW;AACb;;AAEA;EACE,WAAW;AACb\\",\\"sourcesContent\\":[\\"@charset \\\\\\"UTF-8\\\\\\";\\\\n\\\\n@import 'imported.css';\\\\n\\\\n/* Comment */\\\\n\\\\n.class {\\\\n  color: red;\\\\n  background: url(\\\\\\"./url/img.png\\\\\\");\\\\n}\\\\n\\\\n.class-duplicate-url {\\\\n  background: url(\\\\\\"./url/img.png\\\\\\");\\\\n}\\\\n\\\\n:root {\\\\n  --foo: 1px;\\\\n  --bar: 2px;\\\\n}\\\\n\\\\n.class { a: b c d; }\\\\n\\\\n.two {}\\\\n\\\\n.u-m\\\\\\\\+ { a: b c d; }\\\\n\\\\n.class { content: \\\\\\"\\\\\\\\F10C\\\\\\" }\\\\n\\\\n@media only screen and (max-width: 600px) {\\\\n  body {\\\\n    background-color: lightblue;\\\\n  }\\\\n}\\\\n\\\\n.class {\\\\n  content: \\\\\\"\\\\\\\\2193\\\\\\";\\\\n  content: \\\\\\"\\\\\\\\2193\\\\\\\\2193\\\\\\";\\\\n  content: \\\\\\"\\\\\\\\2193 \\\\\\\\2193\\\\\\";\\\\n  content: \\\\\\"\\\\\\\\2193\\\\\\\\2193\\\\\\\\2193\\\\\\";\\\\n  content: \\\\\\"\\\\\\\\2193 \\\\\\\\2193 \\\\\\\\2193\\\\\\";\\\\n}\\\\n\\\\n.-top {}\\\\n.\\\\\\\\-top {}\\\\n\\\\n#\\\\\\\\#test {}\\\\n\\\\n.grid {\\\\n  display: flex;\\\\n  flex-wrap: wrap;\\\\n}\\\\n.grid.\\\\\\\\-top {\\\\n  align-items: flex-start;\\\\n}\\\\n.grid.-top {\\\\n  align-items: flex-start;\\\\n}\\\\n.grid.\\\\\\\\-middle {\\\\n  align-items: center;\\\\n}\\\\n.grid.\\\\\\\\-bottom {\\\\n  align-items: flex-end;\\\\n}\\\\n\\\\n.u-m\\\\\\\\00002b {}\\\\n\\\\n.u-m00002b {}\\\\n\\\\n#u-m\\\\\\\\+ {}\\\\n\\\\nbody {\\\\n  font-family: 'å¾®è½¯é›…é»‘'; /* some chinese font name */\\\\n}\\\\n\\\\n.myStyle {\\\\n  content: '\\\\\\\\e901';\\\\n}\\\\n\\\\n.myStyle {\\\\n  content: '\\\\\\\\E901';\\\\n}\\\\n\\\\n.â™« {}\\\\n\\\\n.\\\\\\\\3A \\\\\\\\\`\\\\\\\\( {} /* matches elements with class=\\\\\\":\`(\\\\\\" */\\\\n.\\\\\\\\31 a2b3c {} /* matches elements with class=\\\\\\"1a2b3c\\\\\\" */\\\\n#\\\\\\\\#fake-id {} /* matches the element with id=\\\\\\"#fake-id\\\\\\" */\\\\n#-a-b-c- {} /* matches the element with id=\\\\\\"-a-b-c-\\\\\\" */\\\\n#Â© {} /* matches the element with id=\\\\\\"Â©\\\\\\" */\\\\n\\\\n:root {\\\\n  --title-align: center;\\\\n  --sr-only: {\\\\n    position: absolute;\\\\n    width: 1px;\\\\n    height: 1px;\\\\n    padding: 0;\\\\n    overflow: hidden;\\\\n    clip: rect(0,0,0,0);\\\\n    white-space: nowrap;\\\\n    clip-path: inset(50%);\\\\n    border: 0;\\\\n  };\\\\n}\\\\n\\\\n.test {\\\\n  content: \\\\\\"\\\\\\\\2014\\\\\\\\A0\\\\\\";\\\\n  content: \\\\\\"\\\\\\\\2014 \\\\\\\\A0\\\\\\";\\\\n  content: \\\\\\"\\\\\\\\A0 \\\\\\\\2014\\\\\\";\\\\n  content: \\\\\\"\\\\\\\\A0\\\\\\\\2014\\\\\\";\\\\n  margin-top: 1px\\\\\\\\9;\\\\n  background-color: #000\\\\\\\\9;\\\\n}\\\\n\\\\n.light.on .bulb:before{\\\\n  content: 'ðŸ’¡';\\\\n}\\\\n\\\\n.base64 {\\\\n  background: url(data:img/jpg;base64,iVBORw0KGgoAAAANSUhEUgAAABgAAAAYCAYAAADgdz34AAAAAXNSR0IArs4c6QAAAhxJREFUSA3tk71rU1EYxnMTEoJUkowWwdJ2akEHBfGjCiIF6ZylVUKSm2TqZLGI+A/oIu2UXm8C4lAyF4SWji0tdFLo1Eo7VN0SaBEhH7e/Nz0nPTfGOjiaCyfPc5734zlfCQT6X/8E/vUErL81KBaL9y3LSnued5PcITjUOwR3gsFg2bbtjYt6/NGgXC4P1et1l2aPLmpAbD0SidjpdPqgV15PA9d17zQajU8UxHQRK/4G35Q5pveAK8LlI1ZjPMnlcltnyvnvbwaO41xvtVqy7YHztMACq5xnlb9EY3dRdvcGo1kj5wR+t1AofDG0gM+A875E8DNjRCexsrV8Pj9ZqVQitVrtqejxePxjMpmss5hVTB4buXvMb2DyU2tBTRS+BjvNlVYUpPl7iuVO3Gq1uoQx1FtSOW1gPgp5ZWrdBtNmUDgv5asgxQ8F1af5vhY0YjyjuWC3wTszKJz7GBOkcFlQfW2ONq4FjWi+Hj6DRCKxQOK2TlY4x92EuYd5dvMAbYIzfikau3pu5tJ8KxaLLfo0cyKci7tK4TZjUMcoXAmHwzle0Q/RaC5P1GFMyVx9R9Fo9HYqlTrSgqDvFelAqVQa5hmuMR/WGtjAaBdjwBoDQ0ZsnwVMZjKZ9n0Zem8DSeDPdrnZbL6F2l3NOvUYNZk4oVDoRTabPe4EDNJzB0ZcjAYxeoZ2i3FNxQ7BHYw/cB/fldaH//UETgHHO8S44KbfXgAAAABJRU5ErkJggg==);\\\\n}\\\\n\\\\na[href=''] {\\\\n  color: red;\\\\n}\\\\n\\\\na[href='' i] {\\\\n  color: red;\\\\n}\\\\n\\\\na[href=\\\\\\"\\\\\\"] {\\\\n  color: blue;\\\\n}\\\\n\\\\na[href=\\\\\\"\\\\\\" i] {\\\\n  color: blue;\\\\n}\\\\n\\"],\\"sourceRoot\\":\\"\\"}]);
// Exports
var ___CSS_LOADER_STYLE_SHEET___ = new CSSStyleSheet();
___CSS_LOADER_STYLE_SHEET___.replaceSync(___CSS_LOADER_EXPORT___.toString());
export default ___CSS_LOADER_STYLE_SHEET___;
"
`;

exports[`exportStylesheet option should work with source maps: warnings 1`] = `Array []`;

exports[`exportStylesheet option should work: errors 1`] = `Array []`;

exports[`exportStylesheet option should work: module 1`] = `
"// Imports
import ___CSS_LOADER_API_IMPORT___ from \\"../../src/runtime/api.js\\";
import ___CSS_LOADER_AT_RULE_IMPORT_0___ from \\"-!../../src/index.js??ruleSet[1].rules[0].use[0]!./imported.css\\";
import ___CSS_LOADER_GET_URL_IMPORT___ from \\"../../src/runtime/getUrl.js\\";
var ___CSS_LOADER_URL_IMPORT_0___ = new URL(\\"./url/img.png\\", import.meta.url);
var ___CSS_LOADER_URL_IMPORT_1___ = new URL(\\"data:img/jpg;base64,iVBORw0KGgoAAAANSUhEUgAAABgAAAAYCAYAAADgdz34AAAAAXNSR0IArs4c6QAAAhxJREFUSA3tk71rU1EYxnMTEoJUkowWwdJ2akEHBfGjCiIF6ZylVUKSm2TqZLGI+A/oIu2UXm8C4lAyF4SWji0tdFLo1Eo7VN0SaBEhH7e/Nz0nPTfGOjiaCyfPc5734zlfCQT6X/8E/vUErL81KBaL9y3LSnued5PcITjUOwR3gsFg2bbtjYt6/NGgXC4P1et1l2aPLmpAbD0SidjpdPqgV15PA9d17zQajU8UxHQRK/4G35Q5pveAK8LlI1ZjPMnlcltnyvnvbwaO41xvtVqy7YHztMACq5xnlb9EY3dRdvcGo1kj5wR+t1AofDG0gM+A875E8DNjRCexsrV8Pj9ZqVQitVrtqejxePxjMpmss5hVTB4buXvMb2DyU2tBTRS+BjvNlVYUpPl7iuVO3Gq1uoQx1FtSOW1gPgp5ZWrdBtNmUDgv5asgxQ8F1af5vhY0YjyjuWC3wTszKJz7GBOkcFlQfW2ONq4FjWi+Hj6DRCKxQOK2TlY4x92EuYd5dvMAbYIzfikau3pu5tJ8KxaLLfo0cyKci7tK4TZjUMcoXAmHwzle0Q/RaC5P1GFMyVx9R9Fo9HYqlTrSgqDvFelAqVQa5hmuMR/WGtjAaBdjwBoDQ0ZsnwVMZjKZ9n0Zem8DSeDPdrnZbL6F2l3NOvUYNZk4oVDoRTabPe4EDNJzB0ZcjAYxeoZ2i3FNxQ7BHYw/cB/fldaH//UETgHHO8S44KbfXgAAAABJRU5ErkJggg==\\", import.meta.url);
var ___CSS_LOADER_EXPORT___ = ___CSS_LOADER_API_IMPORT___(function(i){return i[1]});
___CSS_LOADER_EXPORT___.i(___CSS_LOADER_AT_RULE_IMPORT_0___);
var ___CSS_LOADER_URL_REPLACEMENT_0___ = ___CSS_LOADER_GET_URL_IMPORT___(___CSS_LOADER_URL_IMPORT_0___);
var ___CSS_LOADER_URL_REPLACEMENT_1___ = ___CSS_LOADER_GET_URL_IMPORT___(___CSS_LOADER_URL_IMPORT_1___);
// Module
___CSS_LOADER_EXPORT___.push([module.id, \\"@charset \\\\\\"UTF-8\\\\\\";\\\\n\\\\n/* Comment */\\\\n\\\\n.class {\\\\n  color: red;\\\\n  background: url(\\" + ___CSS_LOADER_URL_REPLACEMENT_0___ + \\");\\\\n}\\\\n\\\\n.class-duplicate-url {\\\\n  background: url(\\" + ___CSS_LOADER_URL_REPLACEMENT_0___ + \\");\\\\n}\\\\n\\\\n:root {\\\\n  --foo: 1px;\\\\n  --bar: 2px;\\\\n}\\\\n\\\\n.class { a: b c d; }\\\\n\\\\n.two {}\\\\n\\\\n.u-m\\\\\\\\+ { a: b c d; }\\\\n\\\\n.class { content: \\\\\\"\\\\\\\\F10C\\\\\\" }\\\\n\\\\n@media only screen and (max-width: 600px) {\\\\n  body {\\\\n    background-color: lightblue;\\\\n  }\\\\n}\\\\n\\\\n.class {\\\\n  content: \\\\\\"\\\\\\\\2193\\\\\\";\\\\n  content: \\\\\\"\\\\\\\\2193\\\\\\\\2193\\\\\\";\\\\n  content: \\\\\\"\\\\\\\\2193 \\\\\\\\2193\\\\\\";\\\\n  content: \\\\\\"\\\\\\\\2193\\\\\\\\2193\\\\\\\\2193\\\\\\";\\\\n  content: \\\\\\"\\\\\\\\2193 \\\\\\\\2193 \\\\\\\\2193\\\\\\";\\\\n}\\\\n\\\\n.-top {}\\\\n.\\\\\\\\-top {}\\\\n\\\\n#\\\\\\\\#test {}\\\\n\\\\n.grid {\\\\n  display: flex;\\\\n  flex-wrap: wrap;\\\\n}\\\\n.grid.\\\\\\\\-top {\\\\n  align-items: flex-start;\\\\n}\\\\n.grid.-top {\\\\n  align-items: flex-start;\\\\n}\\\\n.grid.\\\\\\\\-middle {\\\\n  align-items: center;\\\\n}\\\\n.grid.\\\\\\\\-bottom {\\\\n  align-items: flex-end;\\\\n}\\\\n\\\\n.u-m\\\\\\\\00002b {}\\\\n\\\\n.u-m00002b {}\\\\n\\\\n#u-m\\\\\\\\+ {}\\\\n\\\\nbody {\\\\n  font-family: 'å¾®è½¯é›…é»‘'; /* some chinese font name */\\\\n}\\\\n\\\\n.myStyle {\\\\n  content: '\\\\\\\\e901';\\\\n}\\\\n\\\\n.myStyle {\\\\n  content: '\\\\\\\\E901';\\\\n}\\\\n\\\\n.â™« {}\\\\n\\\\n.\\\\\\\\3A \\\\\\\\\`\\\\\\\\( {} /* matches elements with class=\\\\\\":\`(\\\\\\" */\\\\n.\\\\\\\\31 a2b3c {} /* matches elements with class=\\\\\\"1a2b3c\\\\\\" */\\\\n#\\\\\\\\#fake-id {} /* matches the element with id=\\\\\\"#fake-id\\\\\\" */\\\\n#-a-b-c- {} /* matches the element with id=\\\\\\"-a-b-c-\\\\\\" */\\\\n#Â© {} /* matches the element with id=\\\\\\"Â©\\\\\\" */\\\\n\\\\n:root {\\\\n  --title-align: center;\\\\n  --sr-only: {\\\\n    position: absolute;\\\\n    width: 1px;\\\\n    height: 1px;\\\\n    padding: 0;\\\\n    overflow: hidden;\\\\n    clip: rect(0,0,0,0);\\\\n    white-space: nowrap;\\\\n    clip-path: inset(50%);\\\\n    border: 0;\\\\n  };\\\\n}\\\\n\\\\n.test {\\\\n  content: \\\\\\"\\\\\\\\2014\\\\\\\\A0\\\\\\";\\\\n  content: \\\\\\"\\\\\\\\2014 \\\\\\\\A0\\\\\\";\\\\n  content: \\\\\\"\\\\\\\\A0 \\\\\\\\2014\\\\\\";\\\\n  content: \\\\\\"\\\\\\\\A0\\\\\\\\2014\\\\\\";\\\\n  margin-top: 1px\\\\\\\\9;\\\\n  background-color: #000\\\\\\\\9;\\\\n}\\\\n\\\\n.light.on .bulb:before{\\\\n  content: 'ðŸ’¡';\\\\n}\\\\n\\\\n.base64 {\\\\n  background: url(\\" + ___CSS_LOADER_URL_REPLACEMENT_1___ + \\");\\\\n}\\\\n\\\\na[href=''] {\\\\n  color: red;\\\\n}\\\\n\\\\na[href='' i] {\\\\n  color: red;\\\\n}\\\\n\\\\na[href=\\\\\\"\\\\\\"] {\\\\n  color: blue;\\\\n}\\\\n\\\\na[href=\\\\\\"\\\\\\" i] {\\\\n  color: blue;\\\\n}\\\\n\\", \\"\\"]);
// Exports
var ___CSS_LOADER_STYLE_SHEET___ = new CSSStyleSheet();
___CSS_LOADER_STYLE_SHEET___.replaceSync(___CSS_LOADER_EXPORT___.toString());
export default ___CSS_LOADER_STYLE_SHEET___;
"
`;

exports[`exportStylesheet option should work: warnings 1`] = `Array []`;
